2015-12-17 11:14:01: empty string!!!